firstsecond
     second second second second second second second second second second
     second second second second second
third
fourthfifth
