       [48;2;255;0;0m [m
[38;2;255;255;255mbefore [48;2;255;0;0mt[m[38;2;255;255;255m[m

[38;2;255;255;255mcarthago delenda[m
[48;2;255;0;0m             [m
[48;2;255;0;0m          [38;2;255;255;255mest[m
[48;2;255;0;0m     [m
[38;2;255;255;255m[48;2;255;0;0mhello[m[38;2;255;255;255m after[m

