      ああ
 test ああ
 test ああ
      ああ
 test ああああああああ
 test
 test aaaaaaaaaaaaaaaa
 test
      aaaa
 test aaaa
 test aaaa
      aaaa
      a-a-
      a-a-
      a-a-
 test a-a-
 test a-a-
      a-a-
      a-a-
      a-a
