[48;2;255;0;0mabsolute 1[49m
line two[48;2;255;0;0mabsolute 2[49m
[48;2;0;0;255mabsolute 3[49m
line four
[38;2;109;109;109m[48;2;255;255;0mabsolute 4[39m[49m

